~^/(|en/?|2.4.0/?)?$ /2.4/en/;
~^/en/(?<page>.+)$ /2.4/en/${page};
~^/(?<version>[0-9-\._]+|devel)(/|/index)?$ /${version}/en/;
~^/(?<version>[0-9-\._]+|devel)/(?<language>[a-zA-Z]+)(/index)?$ /${version}/${language}/;

/devel/en/intel-rsd /devel/en/nodes-comp-hw;
/2.1/en/installconfig-deploy-nodes /2.1/en/installconfig-nodes-deploy;
/2.1/en/installconfig-gui /2.1/en/installconfig-webui;
/2.1/en/installconfig-hwe-kernels /2.1/en/installconfig-nodes-ubuntu-kernels;
/2.1/en/installconfig-kernel /2.1/en/installconfig-nodes-kernel-boot-options;
/2.1/en/installconfig-server-iso /2.1/en/installconfig-iso-install;
/2.1/en/installconfig-commisson-nodes /2.1/en/nodes-commission;
/2.1/en/installconfig-add-nodes /2.1/en/nodes-add;
/2.2/en/installconfig-nodes-hw-testing /2.2/en/nodes-hw-testing;
/2.2/en/installconfig-add-nodes /2.2/en/nodes-add;
/2.2/en/installconfig-commisson-nodes /2.2/en/nodes-commission;
/2.2/en/installconfig-nodes-deploy /2.2/en/nodes-deploy;
/2.2/en/installconfig-nodes-power-types /2.2/en/nodes-power-types;
/2.2/en/intel-rsd /2.2/en/nodes-comp-hw;
